// Jest Snapshot v1, https://goo.gl/fbAQLP

exports[`<Card /> should be render correctly 1`] = `
.c0 {
  display: -webkit-box;
  display: -webkit-flex;
  display: -ms-flexbox;
  display: flex;
  gap: 5px;
  padding: 25px;
  border: 5px transparent solid;
  border-left-color: hsl(180,29%,50%);
  height: 115px;
  background: #fff;
  -webkit-align-items: center;
  -webkit-box-align: center;
  -ms-flex-align: center;
  align-items: center;
}

.c1 {
  -webkit-align-self: baseline;
  -ms-flex-item-align: baseline;
  align-self: baseline;
  display: -webkit-inline-box;
  display: -webkit-inline-flex;
  display: -ms-inline-flexbox;
  display: inline-flex;
  -webkit-flex-direction: column;
  -ms-flex-direction: column;
  flex-direction: column;
  gap: 8px;
  padding-left: 25px;
  -webkit-flex: 1;
  -ms-flex: 1;
  flex: 1;
}

.c1 h2 {
  font-size: 1.6rem;
}

.c2 {
  font-weight: 600;
  display: -webkit-inline-box;
  display: -webkit-inline-flex;
  display: -ms-inline-flexbox;
  display: inline-flex;
  gap: 15px;
  -webkit-align-items: center;
  -webkit-box-align: center;
  -ms-flex-align: center;
  align-items: center;
}

.c2 label {
  font-size: 1.4rem;
  color: hsl(180,29%,50%);
  font-weight: 600;
}

.c3 {
  font-size: 1.2rem;
  background: hsl(180,29%,50%);
  padding: 0.4rem 0.5rem;
  border-radius: 1rem;
  display: -webkit-box;
  display: -webkit-flex;
  display: -ms-flexbox;
  display: flex;
  -webkit-align-items: center;
  -webkit-box-align: center;
  -ms-flex-align: center;
  align-items: center;
  -webkit-box-pack: center;
  -webkit-justify-content: center;
  -ms-flex-pack: center;
  justify-content: center;
}

.c3::before {
  content: attr(data-text);
  text-transform: uppercase;
  color: hsl(180,31%,95%);
  position: relative;
  top: 1px;
}

.c4 {
  font-size: 1.2rem;
  background: hsl(180,14%,20%);
  padding: 0.4rem 0.5rem;
  border-radius: 1rem;
  display: -webkit-box;
  display: -webkit-flex;
  display: -ms-flexbox;
  display: flex;
  -webkit-align-items: center;
  -webkit-box-align: center;
  -ms-flex-align: center;
  align-items: center;
  -webkit-box-pack: center;
  -webkit-justify-content: center;
  -ms-flex-pack: center;
  justify-content: center;
}

.c4::before {
  content: attr(data-text);
  text-transform: uppercase;
  color: hsl(180,31%,95%);
  position: relative;
  top: 1px;
}

.c5 {
  display: -webkit-box;
  display: -webkit-flex;
  display: -ms-flexbox;
  display: flex;
  -webkit-box-pack: justify;
  -webkit-justify-content: space-between;
  -ms-flex-pack: justify;
  justify-content: space-between;
  -webkit-align-items: center;
  -webkit-box-align: center;
  -ms-flex-align: center;
  align-items: center;
  width: 190px;
}

.c6 {
  font-size: 1.2rem;
  position: relative;
  -webkit-flex: 1;
  -ms-flex: 1;
  flex: 1;
  display: -webkit-box;
  display: -webkit-flex;
  display: -ms-flexbox;
  display: flex;
  -webkit-box-pack: space-around;
  -webkit-justify-content: space-around;
  -ms-flex-pack: space-around;
  justify-content: space-around;
  -webkit-align-items: center;
  -webkit-box-align: center;
  -ms-flex-align: center;
  align-items: center;
}

.c6:first-child {
  -webkit-box-pack: start;
  -webkit-justify-content: start;
  -ms-flex-pack: start;
  justify-content: start;
  gap: 25%;
}

.c6:after {
  content: ' ';
  display: -webkit-inline-box;
  display: -webkit-inline-flex;
  display: -ms-inline-flexbox;
  display: inline-flex;
  width: .4rem;
  height: .4rem;
  border-radius: 50%;
}

.c6:after {
  background: hsl(180,8%,52%);
}

.c7 {
  font-size: 1.2rem;
  position: relative;
  -webkit-flex: 1;
  -ms-flex: 1;
  flex: 1;
  display: -webkit-box;
  display: -webkit-flex;
  display: -ms-flexbox;
  display: flex;
  -webkit-box-pack: space-around;
  -webkit-justify-content: space-around;
  -ms-flex-pack: space-around;
  justify-content: space-around;
  -webkit-align-items: center;
  -webkit-box-align: center;
  -ms-flex-align: center;
  align-items: center;
}

.c7:first-child {
  -webkit-box-pack: start;
  -webkit-justify-content: start;
  -ms-flex-pack: start;
  justify-content: start;
  gap: 25%;
}

.c7:after {
  background: hsl(180,8%,52%);
}

.c8 {
  -webkit-flex: 1;
  -ms-flex: 1;
  flex: 1;
  display: -webkit-inline-box;
  display: -webkit-inline-flex;
  display: -ms-inline-flexbox;
  display: inline-flex;
  -webkit-box-pack: end;
  -webkit-justify-content: flex-end;
  -ms-flex-pack: end;
  justify-content: flex-end;
  gap: 15px;
}

.c9 {
  font-size: 1.5rem;
  background: hsl(180,52%,96%);
  color: hsl(180,29%,50%);
  font-weight: 600;
  padding: 0.5rem;
  width: -webkit-fit-content;
  width: -moz-fit-content;
  width: fit-content;
  cursor: pointer;
  border-radius: 0.3rem;
  -webkit-transition: all 0.5s;
  transition: all 0.5s;
}

.c9:hover {
  background: hsl(180,29%,50%);
  color: hsl(180,52%,96%);
}

<li
  class="c0"
  role="listitem"
>
  <img
    alt="image card"
    data-nimg="1"
    decoding="async"
    height="60"
    loading="lazy"
    src="/images/photosnap.svg"
    srcset="/images/photosnap.svg 1x, /images/photosnap.svg 2x"
    style="color: transparent;"
    width="60"
  />
  <div
    class="c1"
  >
    <header
      class="c2"
    >
      <label>
        Photosnap
      </label>
      <span
        class="c3"
        data-testid="new"
        data-text="new!"
      />
      <span
        class="c4"
        data-testid="isFeatured"
        data-text="isFeatured!"
      />
    </header>
    <h2>
      Senior Frontend Developer
    </h2>
    <footer
      class="c5"
    >
      <span
        class="c6"
      >
        1d ago
      </span>
      <span
        class="c6"
      >
        Full Time
         
      </span>
      <span
        class="c7"
      >
        USA Only
      </span>
    </footer>
  </div>
  <div
    class="c8"
    data-testid="skills"
  >
    <div
      class="c9"
    >
      HTML
    </div>
    <div
      class="c9"
    >
      CSS
    </div>
    <div
      class="c9"
    >
      JavaScript
    </div>
  </div>
</li>
`;
